// Jest Snapshot v1, https://goo.gl/fbAQLP

exports[`renders correctly 1`] = `
<View
  colors={
    Array [
      "#3d4f7c",
      "#31456f",
      "#1b3055",
    ]
  }
  style={
    Object {
      "backgroundColor": "transparent",
      "flex": 1,
      "height": null,
      "justifyContent": "center",
      "padding": 20,
      "width": null,
    }
  }
>
  <Text
    accessible={true}
    allowFontScaling={true}
    ellipsizeMode="tail"
    style={
      Object {
        "color": "white",
        "fontFamily": "Roboto-Light",
        "fontSize": 30,
        "marginTop": 10,
        "paddingBottom": 30,
        "textAlign": "center",
      }
    }
  >
    MR-Application
  </Text>
  <Text
    accessible={true}
    allowFontScaling={true}
    ellipsizeMode="tail"
    style={
      Object {
        "alignSelf": "center",
        "color": "white",
        "fontFamily": "Qwigley-Regular",
        "fontSize": 30,
        "paddingBottom": 30,
        "textAlign": "center",
        "width": 200,
      }
    }
  >
    Keep calm and keep reporting
  </Text>
  <View
    style={
      Object {
        "alignItems": "center",
        "alignSelf": "center",
        "backgroundColor": "transparent",
        "borderBottomColor": "white",
        "borderBottomWidth": 1,
        "flexDirection": "row",
        "height": 40,
        "justifyContent": "center",
        "margin": 10,
        "width": 250,
      }
    }
  >
    <Text
      accessible={true}
      allowFontScaling={false}
      ellipsizeMode="tail"
      style={
        Array [
          Object {
            "color": "white",
            "fontSize": 16,
          },
          undefined,
          Object {
            "fontFamily": "Feather",
            "fontStyle": "normal",
            "fontWeight": "normal",
          },
        ]
      }
    >
      
    </Text>
    <TextInput
      allowFontScaling={true}
      name="user"
      onChangeText={[Function]}
      placeholder="Email"
      placeholderTextColor="white"
      style={
        Object {
          "alignSelf": "center",
          "color": "white",
          "fontFamily": "Roboto-Light",
          "fontSize": 16,
          "height": 40,
          "marginLeft": 5,
          "width": 215,
        }
      }
      underlineColorAndroid="transparent"
    />
  </View>
  <View
    style={
      Object {
        "alignItems": "center",
        "alignSelf": "center",
        "backgroundColor": "transparent",
        "borderBottomColor": "white",
        "borderBottomWidth": 1,
        "flexDirection": "row",
        "height": 40,
        "justifyContent": "center",
        "margin": 10,
        "width": 250,
      }
    }
  >
    <Text
      accessible={true}
      allowFontScaling={false}
      ellipsizeMode="tail"
      style={
        Array [
          Object {
            "color": "white",
            "fontSize": 16,
          },
          undefined,
          Object {
            "fontFamily": "Feather",
            "fontStyle": "normal",
            "fontWeight": "normal",
          },
        ]
      }
    >
      
    </Text>
    <TextInput
      allowFontScaling={true}
      name="lock"
      onChangeText={[Function]}
      placeholder="Password"
      placeholderTextColor="white"
      secureTextEntry={true}
      style={
        Object {
          "alignSelf": "center",
          "color": "white",
          "fontFamily": "Roboto-Light",
          "fontSize": 16,
          "height": 40,
          "marginLeft": 5,
          "width": 215,
        }
      }
      underlineColorAndroid="transparent"
    />
  </View>
  <View
    style={
      Object {
        "alignItems": "center",
        "alignSelf": "center",
        "backgroundColor": "transparent",
        "borderBottomColor": "white",
        "borderBottomWidth": 1,
        "flexDirection": "row",
        "height": 40,
        "justifyContent": "center",
        "margin": 10,
        "width": 250,
      }
    }
  >
    <Text
      accessible={true}
      allowFontScaling={false}
      ellipsizeMode="tail"
      style={
        Array [
          Object {
            "color": "white",
            "fontSize": 16,
          },
          undefined,
          Object {
            "fontFamily": "Feather",
            "fontStyle": "normal",
            "fontWeight": "normal",
          },
        ]
      }
    >
      
    </Text>
    <TextInput
      allowFontScaling={true}
      name="globe"
      onChangeText={[Function]}
      placeholder="Server url"
      placeholderTextColor="white"
      style={
        Object {
          "alignSelf": "center",
          "color": "white",
          "fontFamily": "Roboto-Light",
          "fontSize": 16,
          "height": 40,
          "marginLeft": 5,
          "width": 215,
        }
      }
      underlineColorAndroid="transparent"
    />
  </View>
  <View>
    <View
      accessibilityComponentType={undefined}
      accessibilityLabel={undefined}
      accessibilityTraits={undefined}
      accessible={true}
      hasTVPreferredFocus={undefined}
      hitSlop={undefined}
      isTVSelectable={true}
      nativeID={undefined}
      onLayout={undefined}
      onResponderGrant={[Function]}
      onResponderMove={[Function]}
      onResponderRelease={[Function]}
      onResponderTerminate={[Function]}
      onResponderTerminationRequest={[Function]}
      onStartShouldSetResponder={[Function]}
      style={
        Array [
          Object {
            "backgroundColor": "transparent",
          },
          Object {
            "backgroundColor": "#9dcbe5",
            "borderColor": "#9dcbe5",
            "borderRadius": 10,
            "borderWidth": 1,
            "marginBottom": 25,
            "marginLeft": 115,
            "marginRight": 115,
            "marginTop": 30,
            "paddingBottom": 10,
            "paddingTop": 10,
          },
        ]
      }
      testID={undefined}
      tvParallaxProperties={undefined}
    >
      <Text
        accessible={true}
        allowFontScaling={true}
        ellipsizeMode="tail"
        style={
          Object {
            "color": "#274752",
            "fontFamily": "Roboto-Light",
            "fontSize": 15,
            "textAlign": "center",
          }
        }
      >
        Sign In
      </Text>
    </View>
  </View>
  <Text
    accessible={true}
    allowFontScaling={true}
    ellipsizeMode="tail"
    onPress={[Function]}
    style={
      Object {
        "color": "white",
        "fontFamily": "Roboto-Light",
        "fontSize": 14,
        "paddingTop": 20,
        "textAlign": "center",
      }
    }
  >
    Forgot password?
  </Text>
  <Text
    accessible={true}
    allowFontScaling={true}
    ellipsizeMode="tail"
    onPress={[Function]}
    style={
      Object {
        "color": "#78d3f2",
        "fontFamily": "Roboto-Light",
        "fontSize": 15,
        "paddingTop": 25,
        "textAlign": "center",
      }
    }
  >
    Sign up
  </Text>
  <Text
    accessible={true}
    allowFontScaling={true}
    ellipsizeMode="tail"
    style={
      Object {
        "color": "white",
        "fontFamily": "Roboto-Light",
        "marginTop": 50,
        "textAlign": "center",
      }
    }
  >
    Copyright © Arter Oy 2017
  </Text>
</View>
`;
