// Jest Snapshot v1, https://goo.gl/fbAQLP

exports[`renders correctly 1`] = `
<View
  style={
    Array [
      Object {
        "flex": 1,
      },
    ]
  }
>
  <RCTScrollView>
    <View>
      <RCTScrollView
        data={
          Array [
            Object {
              "key": 1,
              "name": "Workplace survey",
            },
            Object {
              "key": 2,
              "name": "Customer survey",
            },
            Object {
              "key": 3,
              "name": "Reclamation survey",
            },
            Object {
              "key": 4,
              "name": "Customer satisfaction survey",
            },
            Object {
              "key": 5,
              "name": "Job performance review",
            },
            Object {
              "key": 6,
              "name": "Employee satisfaction survey",
            },
            Object {
              "key": 7,
              "name": "Service evaluation",
            },
            Object {
              "key": 8,
              "name": "Quality survey",
            },
            Object {
              "key": 9,
              "name": "Staff survey",
            },
            Object {
              "key": 10,
              "name": "Feedback survey",
            },
            Object {
              "key": 11,
              "name": "Product survey",
            },
            Object {
              "key": 12,
              "name": "Medical practive survey",
            },
            Object {
              "key": 13,
              "name": "Marketing survey",
            },
          ]
        }
        disableVirtualization={false}
        getItem={[Function]}
        getItemCount={[Function]}
        horizontal={false}
        initialNumToRender={10}
        keyExtractor={[Function]}
        maxToRenderPerBatch={10}
        numColumns={1}
        onContentSizeChange={[Function]}
        onEndReachedThreshold={2}
        onLayout={[Function]}
        onMomentumScrollEnd={[Function]}
        onScroll={[Function]}
        onScrollBeginDrag={[Function]}
        onScrollEndDrag={[Function]}
        renderItem={[Function]}
        scrollEventThrottle={50}
        stickyHeaderIndices={Array []}
        updateCellsBatchingPeriod={50}
        viewabilityConfigCallbackPairs={Array []}
        windowSize={21}
      >
        <View>
          <View
            onLayout={[Function]}
            style={null}
          >
            <Text
              accessible={true}
              allowFontScaling={true}
              ellipsizeMode="tail"
              onPress={[Function]}
              style={
                Object {
                  "fontSize": 18,
                  "height": 60,
                  "padding": 10,
                }
              }
            >
              Workplace survey
            </Text>
          </View>
          <View
            onLayout={[Function]}
            style={null}
          >
            <Text
              accessible={true}
              allowFontScaling={true}
              ellipsizeMode="tail"
              onPress={[Function]}
              style={
                Object {
                  "fontSize": 18,
                  "height": 60,
                  "padding": 10,
                }
              }
            >
              Customer survey
            </Text>
          </View>
          <View
            onLayout={[Function]}
            style={null}
          >
            <Text
              accessible={true}
              allowFontScaling={true}
              ellipsizeMode="tail"
              onPress={[Function]}
              style={
                Object {
                  "fontSize": 18,
                  "height": 60,
                  "padding": 10,
                }
              }
            >
              Reclamation survey
            </Text>
          </View>
          <View
            onLayout={[Function]}
            style={null}
          >
            <Text
              accessible={true}
              allowFontScaling={true}
              ellipsizeMode="tail"
              onPress={[Function]}
              style={
                Object {
                  "fontSize": 18,
                  "height": 60,
                  "padding": 10,
                }
              }
            >
              Customer satisfaction survey
            </Text>
          </View>
          <View
            onLayout={[Function]}
            style={null}
          >
            <Text
              accessible={true}
              allowFontScaling={true}
              ellipsizeMode="tail"
              onPress={[Function]}
              style={
                Object {
                  "fontSize": 18,
                  "height": 60,
                  "padding": 10,
                }
              }
            >
              Job performance review
            </Text>
          </View>
          <View
            onLayout={[Function]}
            style={null}
          >
            <Text
              accessible={true}
              allowFontScaling={true}
              ellipsizeMode="tail"
              onPress={[Function]}
              style={
                Object {
                  "fontSize": 18,
                  "height": 60,
                  "padding": 10,
                }
              }
            >
              Employee satisfaction survey
            </Text>
          </View>
          <View
            onLayout={[Function]}
            style={null}
          >
            <Text
              accessible={true}
              allowFontScaling={true}
              ellipsizeMode="tail"
              onPress={[Function]}
              style={
                Object {
                  "fontSize": 18,
                  "height": 60,
                  "padding": 10,
                }
              }
            >
              Service evaluation
            </Text>
          </View>
          <View
            onLayout={[Function]}
            style={null}
          >
            <Text
              accessible={true}
              allowFontScaling={true}
              ellipsizeMode="tail"
              onPress={[Function]}
              style={
                Object {
                  "fontSize": 18,
                  "height": 60,
                  "padding": 10,
                }
              }
            >
              Quality survey
            </Text>
          </View>
          <View
            onLayout={[Function]}
            style={null}
          >
            <Text
              accessible={true}
              allowFontScaling={true}
              ellipsizeMode="tail"
              onPress={[Function]}
              style={
                Object {
                  "fontSize": 18,
                  "height": 60,
                  "padding": 10,
                }
              }
            >
              Staff survey
            </Text>
          </View>
          <View
            onLayout={[Function]}
            style={null}
          >
            <Text
              accessible={true}
              allowFontScaling={true}
              ellipsizeMode="tail"
              onPress={[Function]}
              style={
                Object {
                  "fontSize": 18,
                  "height": 60,
                  "padding": 10,
                }
              }
            >
              Feedback survey
            </Text>
          </View>
          <View
            style={
              Object {
                "height": 0,
              }
            }
          />
        </View>
      </RCTScrollView>
    </View>
  </RCTScrollView>
</View>
`;
